// Jest Snapshot v1, https://goo.gl/fbAQLP

exports[`Footer renders correctly 1`] = `
<footer
  className="bg-gray-100 object-bottom"
>
  <div
    className="container mx-auto px-10 pt-10 pb-6"
  >
    <div
      className="flex flex-wrap"
    >
      <div
        class="w-full md:w-1/4 text-left"
      >
        <h5
          className="mb-4 font-bold"
        >
          Links
        </h5>
        <ul
          className="mb-4 font-semibold"
        >
          <li
            className="mt-2"
          >
            <a
              href="/"
            >
              Home
            </a>
          </li>
          <li
            className="mt-2"
          >
            <a
              href="/shop/"
            >
              Shop
            </a>
          </li>
          <li
            className="mt-2"
          >
            <a
              href="/blog/"
            >
              Blog
            </a>
          </li>
          <li
            className="mt-2"
          >
            <a
              href="/about/"
            >
              About
            </a>
          </li>
          <li
            className="mt-2"
          >
            <a
              href="/contact/"
            >
              Contact
            </a>
          </li>
        </ul>
      </div>
    </div>
    <div>
      <p
        className="mt-4 text-left text-xs"
      >
        The information presented herein by Consider Herbs is intended for educational purposes only. These statements have not been evaluated by the FDA and are not intended to diagnose, cure, treat or prevent disease. Individual results may vary, and before using any supplements, it is always advisable to consult with your own healthcare provider.
      </p>
    </div>
    <div>
      <h3
        className="mt-4 text-left"
      >
        Consider Herbs Â© 2021
      </h3>
    </div>
  </div>
</footer>
`;
