// Jest Snapshot v1, https://goo.gl/fbAQLP

exports[`Header renders correctly 1`] = `
<header>
  <nav>
    <div
      className="container mx-auto px-6 py-2 flex justify-between items-center"
    >
      <a
        className="font-bold text-xl lg:text-4xl"
        href="/"
      >
        ConsiderHerbs
      </a>
      <div
        className="block sm:hidden"
      >
        <button
          className="flex items-center px-3 py-2 border rounded text-gray-500 border-gray-600 hover:text-gray-800 hover:border-teal-50 appearance-none focus:outline-none"
          onClick={[Function]}
        >
          <svg
            className="fill-current h-3 w-3"
            viewBox="0 0 20 20"
            xmlns="http://www.w3.org/2000/svg"
          >
            <title>
              Menu
            </title>
            <path
              d="M0 3h20v2H0V3zm0 6h20v2H0V9zm0 6h20v2H0v-2z"
            />
          </svg>
        </button>
      </div>
      <div
        className="hidden sm:block"
      >
        <ul
          className="inline-flex"
        >
          <li>
            <a
              className="px-4 font-bold"
              href="/"
            >
              Home
            </a>
          </li>
          <li>
            <a
              className="px-4 hover:opacity-70"
              href="/shop/"
            >
              Shop
            </a>
          </li>
          <li>
            <a
              className="px-4 hover:opacity-70"
              href="/blog/"
            >
              Blog
            </a>
          </li>
          <li>
            <a
              className="px-4 hover:opacity-70"
              href="/about/"
            >
              About
            </a>
          </li>
        </ul>
      </div>
    </div>
    <div />
  </nav>
</header>
`;
